******************************************************************************
                  MSP430 Linker PC v4.4.5                      
******************************************************************************
>> Linked Tue Jan 19 11:36:15 2021

OUTPUT FILE NAME:   <RT_FinProj_Part1_MontanoHadad.out>
ENTRY POINT SYMBOL: "_c_int00_noargs_noexit"  address: 00004400


MEMORY CONFIGURATION

         name            origin    length      used     unused   attr    fill
----------------------  --------  ---------  --------  --------  ----  --------
  SFR                   00000000   00000010  00000000  00000010  RWIX
  PERIPHERALS_8BIT      00000010   000000f0  00000000  000000f0  RWIX
  PERIPHERALS_16BIT     00000100   00000100  00000000  00000100  RWIX
  INFOD                 00001800   00000080  00000000  00000080  RWIX
  INFOC                 00001880   00000080  00000000  00000080  RWIX
  INFOB                 00001900   00000080  00000000  00000080  RWIX
  INFOA                 00001980   00000080  00000000  00000080  RWIX
  USBRAM                00001c00   00000800  00000000  00000800  RWIX
  RAM                   00002400   00002000  00001ad8  00000528  RWIX
  FLASH                 00004400   0000bb80  00000070  0000bb10  RWIX
  INT00                 0000ff80   00000002  00000000  00000002  RWIX
  INT01                 0000ff82   00000002  00000000  00000002  RWIX
  INT02                 0000ff84   00000002  00000000  00000002  RWIX
  INT03                 0000ff86   00000002  00000000  00000002  RWIX
  INT04                 0000ff88   00000002  00000000  00000002  RWIX
  INT05                 0000ff8a   00000002  00000000  00000002  RWIX
  INT06                 0000ff8c   00000002  00000000  00000002  RWIX
  INT07                 0000ff8e   00000002  00000000  00000002  RWIX
  INT08                 0000ff90   00000002  00000000  00000002  RWIX
  INT09                 0000ff92   00000002  00000000  00000002  RWIX
  INT10                 0000ff94   00000002  00000000  00000002  RWIX
  INT11                 0000ff96   00000002  00000000  00000002  RWIX
  INT12                 0000ff98   00000002  00000000  00000002  RWIX
  INT13                 0000ff9a   00000002  00000000  00000002  RWIX
  INT14                 0000ff9c   00000002  00000000  00000002  RWIX
  INT15                 0000ff9e   00000002  00000000  00000002  RWIX
  INT16                 0000ffa0   00000002  00000000  00000002  RWIX
  INT17                 0000ffa2   00000002  00000000  00000002  RWIX
  INT18                 0000ffa4   00000002  00000000  00000002  RWIX
  INT19                 0000ffa6   00000002  00000000  00000002  RWIX
  INT20                 0000ffa8   00000002  00000000  00000002  RWIX
  INT21                 0000ffaa   00000002  00000000  00000002  RWIX
  INT22                 0000ffac   00000002  00000000  00000002  RWIX
  INT23                 0000ffae   00000002  00000000  00000002  RWIX
  INT24                 0000ffb0   00000002  00000000  00000002  RWIX
  INT25                 0000ffb2   00000002  00000000  00000002  RWIX
  INT26                 0000ffb4   00000002  00000000  00000002  RWIX
  INT27                 0000ffb6   00000002  00000000  00000002  RWIX
  INT28                 0000ffb8   00000002  00000000  00000002  RWIX
  INT29                 0000ffba   00000002  00000000  00000002  RWIX
  INT30                 0000ffbc   00000002  00000000  00000002  RWIX
  INT31                 0000ffbe   00000002  00000000  00000002  RWIX
  INT32                 0000ffc0   00000002  00000000  00000002  RWIX
  INT33                 0000ffc2   00000002  00000000  00000002  RWIX
  INT34                 0000ffc4   00000002  00000000  00000002  RWIX
  INT35                 0000ffc6   00000002  00000000  00000002  RWIX
  INT36                 0000ffc8   00000002  00000000  00000002  RWIX
  INT37                 0000ffca   00000002  00000000  00000002  RWIX
  INT38                 0000ffcc   00000002  00000000  00000002  RWIX
  INT39                 0000ffce   00000002  00000000  00000002  RWIX
  INT40                 0000ffd0   00000002  00000000  00000002  RWIX
  INT41                 0000ffd2   00000002  00000002  00000000  RWIX
  INT42                 0000ffd4   00000002  00000002  00000000  RWIX
  INT43                 0000ffd6   00000002  00000002  00000000  RWIX
  INT44                 0000ffd8   00000002  00000002  00000000  RWIX
  INT45                 0000ffda   00000002  00000002  00000000  RWIX
  INT46                 0000ffdc   00000002  00000002  00000000  RWIX
  INT47                 0000ffde   00000002  00000002  00000000  RWIX
  INT48                 0000ffe0   00000002  00000002  00000000  RWIX
  INT49                 0000ffe2   00000002  00000002  00000000  RWIX
  INT50                 0000ffe4   00000002  00000002  00000000  RWIX
  INT51                 0000ffe6   00000002  00000002  00000000  RWIX
  INT52                 0000ffe8   00000002  00000002  00000000  RWIX
  INT53                 0000ffea   00000002  00000002  00000000  RWIX
  INT54                 0000ffec   00000002  00000002  00000000  RWIX
  INT55                 0000ffee   00000002  00000002  00000000  RWIX
  INT56                 0000fff0   00000002  00000002  00000000  RWIX
  INT57                 0000fff2   00000002  00000002  00000000  RWIX
  INT58                 0000fff4   00000002  00000002  00000000  RWIX
  INT59                 0000fff6   00000002  00000002  00000000  RWIX
  INT60                 0000fff8   00000002  00000002  00000000  RWIX
  INT61                 0000fffa   00000002  00000002  00000000  RWIX
  INT62                 0000fffc   00000002  00000002  00000000  RWIX
  RESET                 0000fffe   00000002  00000002  00000000  RWIX
  FLASH2                00010000   00014400  00008fea  0000b416  RWIX


SECTION ALLOCATION MAP

 output                                  attributes/
section   page    origin      length       input sections
--------  ----  ----------  ----------   ----------------
.bss       0    00002400    00001024     UNINITIALIZED
                  00002400    00000c00     empty_pe430X.oe430X (.bss:taskStackSection)
                  00003000    00000100     (.common:ti_uia_loggers_LoggerStopMode_Instance_State_1_packetArray__A)
                  00003100    00000100     (.common:ti_uia_loggers_LoggerStopMode_Instance_State_2_packetArray__A)
                  00003200    00000080     (.common:ti_uia_loggers_LoggerStopMode_Instance_State_0_packetArray__A)
                  00003280    00000080     (.common:xdc_runtime_SysMin_Module_State_0_outbuf__A)
                  00003300    00000024     (.common:ti_uia_loggers_LoggerStopMode_Instance_State_0_hdr__A)
                  00003324    00000014     (.common:buffer)
                  00003338    00000008     (.common:parmbuf)
                  00003340    00000040     --HOLE--
                  00003380    00000024     (.common:ti_uia_loggers_LoggerStopMode_Instance_State_1_hdr__A)
                  000033a4    0000005c     --HOLE--
                  00003400    00000024     (.common:ti_uia_loggers_LoggerStopMode_Instance_State_2_hdr__A)

.data      0    00003424    00000694     UNINITIALIZED
                  00003424    000001fc     empty_pe430X.oe430X (.data)
                  00003620    00000174     empty_pe430X.oe430X (.data:ti_sysbios_knl_Task_Object__table__V)
                  00003794    0000008a     empty_pe430X.oe430X (.data:ti_uia_loggers_LoggerStopMode_Object__table__V)
                  0000381e    00000080     empty_pe430X.oe430X (.data:ti_sysbios_knl_Swi_Module_State_0_readyQ__A)
                  0000389e    00000080     empty_pe430X.oe430X (.data:ti_sysbios_knl_Task_Module_State_0_readyQ__A)
                  0000391e    0000005a     empty_pe430X.oe430X (.data:ti_sysbios_knl_Semaphore_Object__table__V)
                  00003978    00000036     empty_pe430X.oe430X (.data:ti_sysbios_family_msp430_Timer_Object__table__V)
                  000039ae    00000034     empty_pe430X.oe430X (.data:ti_sysbios_gates_GateMutex_Object__table__V)
                  000039e2    00000026     empty_pe430X.oe430X (.data:ti_sysbios_knl_Swi_Object__table__V)
                  00003a08    00000020     empty_pe430X.oe430X (.data:xdc_runtime_System_Module_State_0_atexitHandlers__A)
                  00003a28    0000001e     empty_pe430X.oe430X (.data:ti_sysbios_knl_Clock_Object__table__V)
                  00003a46    00000018     empty_pe430X.oe430X (.data:ti_sysbios_family_msp430_Timer_Module_State_0_device__A)
                  00003a5e    00000010     empty_pe430X.oe430X (.data:ti_sysbios_family_msp430_Timer_Module_State_0_handles__A)
                  00003a6e    0000000e     empty_pe430X.oe430X (.data:ti_sysbios_family_msp430_Hwi_Object__table__V)
                  00003a7c    0000000c     empty_pe430X.oe430X (.data:xdc_runtime_HeapStd_Object__table__V)
                  00003a88    00000006     main.obj (.data)
                  00003a8e    00000006     ti.uia.runtime.ae430X : QueueDescriptor.oe430X (.data)
                  00003a94    00000004     boot.ae430X : boot.oe430X (.data:__TI_cleanup_ptr)
                  00003a98    00000004                 : boot.oe430X (.data:__TI_dtors_ptr)
                  00003a9c    00000004     rts430x_lc_rd_eabi.lib : _lock.obj (.data:_lock)
                  00003aa0    00000004                            : _lock.obj (.data:_unlock)
                  00003aa4    00000004                            : rand.obj (.data)
                  00003aa8    00000004     empty_pe430X.oe430X (.data:ti_sysbios_gates_GateHwi_Object__table__V)
                  00003aac    00000004     empty_pe430X.oe430X (.data:ti_sysbios_knl_Task_Module_State_0_idleTask__A)
                  00003ab0    00000004     empty_pe430X.oe430X (.data:ti_sysbios_utils_Load_Module_State_0_runningTask__A)
                  00003ab4    00000004     empty_pe430X.oe430X (.data:ti_sysbios_utils_Load_Module_State_0_taskStartTime__A)

.cio       0    00003ab8    00000120     UNINITIALIZED
                  00003ab8    00000120     rts430x_lc_rd_eabi.lib : trgmsg.obj (.cio)

.stack     0    00004100    00000300     UNINITIALIZED
                  00004100    00000004     boot.ae430X : boot.oe430X (.stack)
                  00004104    000002fc     --HOLE--

.text:_isr 
*          0    00004400    00000070     
                  00004400    00000026     boot.ae430X : boot_special.oe430X (.text:_isr:_c_int00_noargs_noexit)
                  00004426    00000020     sysbios.ae430X : BIOS.obj (.text:_isr:ti_sysbios_family_msp430_Hwi53)
                  00004446    00000002                    : BIOS.obj (.text:_isr:ti_sysbios_family_msp430_Hwi41)
                  00004448    00000002                    : BIOS.obj (.text:_isr:ti_sysbios_family_msp430_Hwi42)
                  0000444a    00000002                    : BIOS.obj (.text:_isr:ti_sysbios_family_msp430_Hwi43)
                  0000444c    00000002                    : BIOS.obj (.text:_isr:ti_sysbios_family_msp430_Hwi44)
                  0000444e    00000002                    : BIOS.obj (.text:_isr:ti_sysbios_family_msp430_Hwi45)
                  00004450    00000002                    : BIOS.obj (.text:_isr:ti_sysbios_family_msp430_Hwi46)
                  00004452    00000002                    : BIOS.obj (.text:_isr:ti_sysbios_family_msp430_Hwi47)
                  00004454    00000002                    : BIOS.obj (.text:_isr:ti_sysbios_family_msp430_Hwi48)
                  00004456    00000002                    : BIOS.obj (.text:_isr:ti_sysbios_family_msp430_Hwi49)
                  00004458    00000002                    : BIOS.obj (.text:_isr:ti_sysbios_family_msp430_Hwi50)
                  0000445a    00000002                    : BIOS.obj (.text:_isr:ti_sysbios_family_msp430_Hwi51)
                  0000445c    00000002                    : BIOS.obj (.text:_isr:ti_sysbios_family_msp430_Hwi52)
                  0000445e    00000002                    : BIOS.obj (.text:_isr:ti_sysbios_family_msp430_Hwi54)
                  00004460    00000002                    : BIOS.obj (.text:_isr:ti_sysbios_family_msp430_Hwi55)
                  00004462    00000002                    : BIOS.obj (.text:_isr:ti_sysbios_family_msp430_Hwi56)
                  00004464    00000002                    : BIOS.obj (.text:_isr:ti_sysbios_family_msp430_Hwi57)
                  00004466    00000002                    : BIOS.obj (.text:_isr:ti_sysbios_family_msp430_Hwi58)
                  00004468    00000002                    : BIOS.obj (.text:_isr:ti_sysbios_family_msp430_Hwi59)
                  0000446a    00000002                    : BIOS.obj (.text:_isr:ti_sysbios_family_msp430_Hwi60)
                  0000446c    00000002                    : BIOS.obj (.text:_isr:ti_sysbios_family_msp430_Hwi61)
                  0000446e    00000002                    : BIOS.obj (.text:_isr:ti_sysbios_family_msp430_Hwi62)

.const     0    000165a6    000025cc     
                  000165a6    00001d87     empty_pe430X.oe430X (.const:xdc_runtime_Text_charTab__A)
                  0001832d    00000001     --HOLE-- [fill = 0]
                  0001832e    0000015e     main.obj (.const:.string)
                  0001848c    000000e8     empty_pe430X.oe430X (.const:xdc_runtime_Text_nodeTab__A)
                  00018574    0000005e     empty_pe430X.oe430X (.const:ti_uia_loggers_LoggerStopMode_Module__FXNS__C)
                  000185d2    00000058     ti.targets.msp430.rts430.ae430X : Error.oe430X (.const:.string)
                  0001862a    00000046     empty_pe430X.oe430X (.const:.string)
                  00018670    00000044     ti.targets.msp430.rts430.ae430X : Text.oe430X (.const:.string)
                  000186b4    0000002c     empty_pe430X.oe430X (.const)
                  000186e0    0000002a     ti.targets.msp430.rts430.ae430X : Startup.oe430X (.const:.string)
                  0001870a    00000028     empty_pe430X.oe430X (.const:xdc_runtime_Startup_sfxnTab__A)
                  00018732    00000026     empty_pe430X.oe430X (.const:xdc_runtime_HeapStd_Module__FXNS__C)
                  00018758    00000022     empty_pe430X.oe430X (.const:ti_sysbios_gates_GateHwi_Module__FXNS__C)
                  0001877a    00000022     empty_pe430X.oe430X (.const:ti_sysbios_gates_GateMutex_Module__FXNS__C)
                  0001879c    00000020     sysbios.ae430X : BIOS.obj (.const:IntrinsicsSupport_maxbitTable)
                  000187bc    00000020     empty_pe430X.oe430X (.const:ti_uia_loggers_LoggerStopMode_Object__PARAMS__C)
                  000187dc    0000001c     ccs-MSP430F5529.lib : gpio.obj (.const:GPIO_PORT_TO_BASE)
                  000187f8    0000001c     empty_pe430X.oe430X (.const:ti_sysbios_knl_Semaphore_Object__PARAMS__C)
                  00018814    00000018     empty_pe430X.oe430X (.const:ti_sysbios_gates_GateHwi_Object__DESC__C)
                  0001882c    00000018     empty_pe430X.oe430X (.const:ti_sysbios_gates_GateMutex_Object__DESC__C)
                  00018844    00000018     empty_pe430X.oe430X (.const:ti_sysbios_knl_Queue_Object__DESC__C)
                  0001885c    00000018     empty_pe430X.oe430X (.const:ti_sysbios_knl_Semaphore_Object__DESC__C)
                  00018874    00000018     empty_pe430X.oe430X (.const:ti_uia_loggers_LoggerStopMode_Object__DESC__C)
                  0001888c    00000018     empty_pe430X.oe430X (.const:xdc_runtime_HeapStd_Object__DESC__C)
                  000188a4    00000018     empty_pe430X.oe430X (.const:xdc_runtime_HeapStd_Object__PARAMS__C)
                  000188bc    00000014     empty_pe430X.oe430X (.const:ti_sysbios_gates_GateHwi_Object__PARAMS__C)
                  000188d0    00000014     empty_pe430X.oe430X (.const:ti_sysbios_gates_GateMutex_Object__PARAMS__C)
                  000188e4    00000014     empty_pe430X.oe430X (.const:ti_sysbios_knl_Queue_Object__PARAMS__C)
                  000188f8    00000014     empty_pe430X.oe430X (.const:xdc_runtime_Startup_sfxnRts__A)
                  0001890c    00000011     ti.targets.msp430.rts430.ae430X : System.oe430X (.const:.string:digtohex)
                  0001891d    00000001     --HOLE-- [fill = 0]
                  0001891e    00000008                                     : System.oe430X (.const:.string)
                  00018926    00000008     empty_pe430X.oe430X (.const:ti_sysbios_knl_Idle_funcList__A)
                  0001892e    00000008     empty_pe430X.oe430X (.const:xdc_runtime_Startup_firstFxns__A)
                  00018936    00000006     ti.targets.msp430.rts430.ae430X : Assert.oe430X (.const:.string)
                  0001893c    00000006     empty_pe430X.oe430X (.const:ti_sysbios_family_msp430_Hwi_hooks__C)
                  00018942    00000006     empty_pe430X.oe430X (.const:ti_sysbios_knl_Idle_funcList__C)
                  00018948    00000006     empty_pe430X.oe430X (.const:xdc_runtime_Startup_firstFxns__C)
                  0001894e    00000006     empty_pe430X.oe430X (.const:xdc_runtime_Startup_lastFxns__C)
                  00018954    00000004     empty_pe430X.oe430X (.const:ti_sysbios_family_msp430_TimestampProvider_Module__diagsEnabled__C)
                  00018958    00000004     empty_pe430X.oe430X (.const:ti_sysbios_family_msp430_TimestampProvider_Module__diagsIncluded__C)
                  0001895c    00000004     empty_pe430X.oe430X (.const:ti_sysbios_family_msp430_TimestampProvider_Module__diagsMask__C)
                  00018960    00000004     empty_pe430X.oe430X (.const:ti_sysbios_gates_GateMutex_A_badContext__C)
                  00018964    00000004     empty_pe430X.oe430X (.const:ti_sysbios_gates_GateMutex_Module__diagsEnabled__C)
                  00018968    00000004     empty_pe430X.oe430X (.const:ti_sysbios_gates_GateMutex_Module__diagsIncluded__C)
                  0001896c    00000004     empty_pe430X.oe430X (.const:ti_sysbios_gates_GateMutex_Module__diagsMask__C)
                  00018970    00000004     empty_pe430X.oe430X (.const:ti_sysbios_hal_Hwi_E_stackOverflow__C)
                  00018974    00000004     empty_pe430X.oe430X (.const:ti_sysbios_knl_Clock_LM_begin__C)
                  00018978    00000004     empty_pe430X.oe430X (.const:ti_sysbios_knl_Clock_LM_tick__C)
                  0001897c    00000004     empty_pe430X.oe430X (.const:ti_sysbios_knl_Clock_LW_delayed__C)
                  00018980    00000004     empty_pe430X.oe430X (.const:ti_sysbios_knl_Clock_Module__diagsEnabled__C)
                  00018984    00000004     empty_pe430X.oe430X (.const:ti_sysbios_knl_Clock_Module__diagsIncluded__C)
                  00018988    00000004     empty_pe430X.oe430X (.const:ti_sysbios_knl_Clock_Module__diagsMask__C)
                  0001898c    00000004     empty_pe430X.oe430X (.const:ti_sysbios_knl_Clock_Module__loggerFxn1__C)
                  00018990    00000004     empty_pe430X.oe430X (.const:ti_sysbios_knl_Clock_Module__loggerFxn2__C)
                  00018994    00000004     empty_pe430X.oe430X (.const:ti_sysbios_knl_Clock_Module__loggerObj__C)
                  00018998    00000004     empty_pe430X.oe430X (.const:ti_sysbios_knl_Semaphore_A_badContext__C)
                  0001899c    00000004     empty_pe430X.oe430X (.const:ti_sysbios_knl_Semaphore_A_noEvents__C)
                  000189a0    00000004     empty_pe430X.oe430X (.const:ti_sysbios_knl_Semaphore_A_overflow__C)
                  000189a4    00000004     empty_pe430X.oe430X (.const:ti_sysbios_knl_Semaphore_A_pendTaskDisabled__C)
                  000189a8    00000004     empty_pe430X.oe430X (.const:ti_sysbios_knl_Semaphore_LM_pend__C)
                  000189ac    00000004     empty_pe430X.oe430X (.const:ti_sysbios_knl_Semaphore_LM_post__C)
                  000189b0    00000004     empty_pe430X.oe430X (.const:ti_sysbios_knl_Semaphore_Module__diagsEnabled__C)
                  000189b4    00000004     empty_pe430X.oe430X (.const:ti_sysbios_knl_Semaphore_Module__diagsIncluded__C)
                  000189b8    00000004     empty_pe430X.oe430X (.const:ti_sysbios_knl_Semaphore_Module__diagsMask__C)
                  000189bc    00000004     empty_pe430X.oe430X (.const:ti_sysbios_knl_Semaphore_Module__loggerFxn2__C)
                  000189c0    00000004     empty_pe430X.oe430X (.const:ti_sysbios_knl_Semaphore_Module__loggerFxn4__C)
                  000189c4    00000004     empty_pe430X.oe430X (.const:ti_sysbios_knl_Semaphore_Module__loggerObj__C)
                  000189c8    00000004     empty_pe430X.oe430X (.const:ti_sysbios_knl_Swi_LD_end__C)
                  000189cc    00000004     empty_pe430X.oe430X (.const:ti_sysbios_knl_Swi_LM_begin__C)
                  000189d0    00000004     empty_pe430X.oe430X (.const:ti_sysbios_knl_Swi_LM_post__C)
                  000189d4    00000004     empty_pe430X.oe430X (.const:ti_sysbios_knl_Swi_Module__diagsEnabled__C)
                  000189d8    00000004     empty_pe430X.oe430X (.const:ti_sysbios_knl_Swi_Module__diagsIncluded__C)
                  000189dc    00000004     empty_pe430X.oe430X (.const:ti_sysbios_knl_Swi_Module__diagsMask__C)
                  000189e0    00000004     empty_pe430X.oe430X (.const:ti_sysbios_knl_Swi_Module__loggerFxn1__C)
                  000189e4    00000004     empty_pe430X.oe430X (.const:ti_sysbios_knl_Swi_Module__loggerFxn4__C)
                  000189e8    00000004     empty_pe430X.oe430X (.const:ti_sysbios_knl_Swi_Module__loggerObj__C)
                  000189ec    00000004     empty_pe430X.oe430X (.const:ti_sysbios_knl_Task_E_spOutOfBounds__C)
                  000189f0    00000004     empty_pe430X.oe430X (.const:ti_sysbios_knl_Task_E_stackOverflow__C)
                  000189f4    00000004     empty_pe430X.oe430X (.const:ti_sysbios_knl_Task_LD_block__C)
                  000189f8    00000004     empty_pe430X.oe430X (.const:ti_sysbios_knl_Task_LD_exit__C)
                  000189fc    00000004     empty_pe430X.oe430X (.const:ti_sysbios_knl_Task_LD_ready__C)
                  00018a00    00000004     empty_pe430X.oe430X (.const:ti_sysbios_knl_Task_LM_switch__C)
                  00018a04    00000004     empty_pe430X.oe430X (.const:ti_sysbios_knl_Task_LM_yield__C)
                  00018a08    00000004     empty_pe430X.oe430X (.const:ti_sysbios_knl_Task_Module__diagsEnabled__C)
                  00018a0c    00000004     empty_pe430X.oe430X (.const:ti_sysbios_knl_Task_Module__diagsIncluded__C)
                  00018a10    00000004     empty_pe430X.oe430X (.const:ti_sysbios_knl_Task_Module__diagsMask__C)
                  00018a14    00000004     empty_pe430X.oe430X (.const:ti_sysbios_knl_Task_Module__loggerFxn2__C)
                  00018a18    00000004     empty_pe430X.oe430X (.const:ti_sysbios_knl_Task_Module__loggerFxn4__C)
                  00018a1c    00000004     empty_pe430X.oe430X (.const:ti_sysbios_knl_Task_Module__loggerObj__C)
                  00018a20    00000004     empty_pe430X.oe430X (.const:ti_sysbios_knl_Task_allBlockedFunc__C)
                  00018a24    00000004     empty_pe430X.oe430X (.const:ti_sysbios_utils_Load_LS_cpuLoad__C)
                  00018a28    00000004     empty_pe430X.oe430X (.const:ti_sysbios_utils_Load_Module__diagsEnabled__C)
                  00018a2c    00000004     empty_pe430X.oe430X (.const:ti_sysbios_utils_Load_Module__diagsIncluded__C)
                  00018a30    00000004     empty_pe430X.oe430X (.const:ti_sysbios_utils_Load_Module__diagsMask__C)
                  00018a34    00000004     empty_pe430X.oe430X (.const:ti_sysbios_utils_Load_Module__loggerFxn1__C)
                  00018a38    00000004     empty_pe430X.oe430X (.const:ti_sysbios_utils_Load_Module__loggerObj__C)
                  00018a3c    00000004     empty_pe430X.oe430X (.const:ti_sysbios_utils_Load_postUpdate__C)
                  00018a40    00000004     empty_pe430X.oe430X (.const:ti_uia_loggers_LoggerStopMode_Module__diagsEnabled__C)
                  00018a44    00000004     empty_pe430X.oe430X (.const:ti_uia_loggers_LoggerStopMode_Module__diagsIncluded__C)
                  00018a48    00000004     empty_pe430X.oe430X (.const:ti_uia_loggers_LoggerStopMode_Module__diagsMask__C)
                  00018a4c    00000004     empty_pe430X.oe430X (.const:ti_uia_runtime_ILoggerSnapshot_Interface__BASE__C)
                  00018a50    00000004     empty_pe430X.oe430X (.const:ti_uia_runtime_IUIATransfer_Interface__BASE__C)
                  00018a54    00000004     empty_pe430X.oe430X (.const:xdc_runtime_Assert_E_assertFailed__C)
                  00018a58    00000004     empty_pe430X.oe430X (.const:xdc_runtime_Core_A_initializedParams__C)
                  00018a5c    00000004     empty_pe430X.oe430X (.const:xdc_runtime_Core_Module__diagsEnabled__C)
                  00018a60    00000004     empty_pe430X.oe430X (.const:xdc_runtime_Core_Module__diagsIncluded__C)
                  00018a64    00000004     empty_pe430X.oe430X (.const:xdc_runtime_Core_Module__diagsMask__C)
                  00018a68    00000004     empty_pe430X.oe430X (.const:xdc_runtime_Error_E_memory__C)
                  00018a6c    00000004     empty_pe430X.oe430X (.const:xdc_runtime_Error_Module__diagsEnabled__C)
                  00018a70    00000004     empty_pe430X.oe430X (.const:xdc_runtime_Error_Module__diagsIncluded__C)
                  00018a74    00000004     empty_pe430X.oe430X (.const:xdc_runtime_Error_Module__diagsMask__C)
                  00018a78    00000004     empty_pe430X.oe430X (.const:xdc_runtime_Error_Module__loggerFxn8__C)
                  00018a7c    00000004     empty_pe430X.oe430X (.const:xdc_runtime_Error_Module__loggerObj__C)
                  00018a80    00000004     empty_pe430X.oe430X (.const:xdc_runtime_Error_policyFxn__C)
                  00018a84    00000004     empty_pe430X.oe430X (.const:xdc_runtime_Error_raiseHook__C)
                  00018a88    00000004     empty_pe430X.oe430X (.const:xdc_runtime_HeapStd_A_align__C)
                  00018a8c    00000004     empty_pe430X.oe430X (.const:xdc_runtime_HeapStd_A_invalidTotalFreeSize__C)
                  00018a90    00000004     empty_pe430X.oe430X (.const:xdc_runtime_HeapStd_A_zeroSize__C)
                  00018a94    00000004     empty_pe430X.oe430X (.const:xdc_runtime_HeapStd_E_noRTSMemory__C)
                  00018a98    00000004     empty_pe430X.oe430X (.const:xdc_runtime_HeapStd_Module__diagsEnabled__C)
                  00018a9c    00000004     empty_pe430X.oe430X (.const:xdc_runtime_HeapStd_Module__diagsIncluded__C)
                  00018aa0    00000004     empty_pe430X.oe430X (.const:xdc_runtime_HeapStd_Module__diagsMask__C)
                  00018aa4    00000004     empty_pe430X.oe430X (.const:xdc_runtime_IFilterLogger_Interface__BASE__C)
                  00018aa8    00000004     empty_pe430X.oe430X (.const:xdc_runtime_IGateProvider_Interface__BASE__C)
                  00018aac    00000004     empty_pe430X.oe430X (.const:xdc_runtime_IHeap_Interface__BASE__C)
                  00018ab0    00000004     empty_pe430X.oe430X (.const:xdc_runtime_ILogger_Interface__BASE__C)
                  00018ab4    00000004     empty_pe430X.oe430X (.const:xdc_runtime_IModule_Interface__BASE__C)
                  00018ab8    00000004     empty_pe430X.oe430X (.const:xdc_runtime_Log_L_error__C)
                  00018abc    00000004     empty_pe430X.oe430X (.const:xdc_runtime_Log_L_info__C)
                  00018ac0    00000004     empty_pe430X.oe430X (.const:xdc_runtime_Main_Module__diagsEnabled__C)
                  00018ac4    00000004     empty_pe430X.oe430X (.const:xdc_runtime_Main_Module__diagsIncluded__C)
                  00018ac8    00000004     empty_pe430X.oe430X (.const:xdc_runtime_Main_Module__diagsMask__C)
                  00018acc    00000004     empty_pe430X.oe430X (.const:xdc_runtime_Main_Module__loggerFxn4__C)
                  00018ad0    00000004     empty_pe430X.oe430X (.const:xdc_runtime_Main_Module__loggerFxn8__C)
                  00018ad4    00000004     empty_pe430X.oe430X (.const:xdc_runtime_Main_Module__loggerObj__C)
                  00018ad8    00000004     empty_pe430X.oe430X (.const:xdc_runtime_Memory_defaultHeapInstance__C)
                  00018adc    00000004     empty_pe430X.oe430X (.const:xdc_runtime_Startup_execImpl__C)
                  00018ae0    00000004     empty_pe430X.oe430X (.const:xdc_runtime_Startup_sfxnRts__C)
                  00018ae4    00000004     empty_pe430X.oe430X (.const:xdc_runtime_Startup_sfxnTab__C)
                  00018ae8    00000004     empty_pe430X.oe430X (.const:xdc_runtime_SysMin_outputFunc__C)
                  00018aec    00000004     empty_pe430X.oe430X (.const:xdc_runtime_System_Module__gateObj__C)
                  00018af0    00000004     empty_pe430X.oe430X (.const:xdc_runtime_System_abortFxn__C)
                  00018af4    00000004     empty_pe430X.oe430X (.const:xdc_runtime_System_exitFxn__C)
                  00018af8    00000004     empty_pe430X.oe430X (.const:xdc_runtime_System_extendFxn__C)
                  00018afc    00000004     empty_pe430X.oe430X (.const:xdc_runtime_Text_charTab__C)
                  00018b00    00000004     empty_pe430X.oe430X (.const:xdc_runtime_Text_nameEmpty__C)
                  00018b04    00000004     empty_pe430X.oe430X (.const:xdc_runtime_Text_nameStatic__C)
                  00018b08    00000004     empty_pe430X.oe430X (.const:xdc_runtime_Text_nameUnknown__C)
                  00018b0c    00000004     empty_pe430X.oe430X (.const:xdc_runtime_Text_nodeTab__C)
                  00018b10    00000004     empty_pe430X.oe430X (.const:xdc_runtime_Text_visitRopeFxn__C)
                  00018b14    00000002     empty_pe430X.oe430X (.const:ti_sysbios_family_msp430_Hwi_Object__count__C)
                  00018b16    00000002     empty_pe430X.oe430X (.const:ti_sysbios_family_msp430_Timer_numTimerDevices__C)
                  00018b18    00000002     empty_pe430X.oe430X (.const:ti_sysbios_family_msp430_Timer_startupNeeded__C)
                  00018b1a    00000002     empty_pe430X.oe430X (.const:ti_sysbios_family_msp430_TimestampProvider_Module__id__C)
                  00018b1c    00000002     empty_pe430X.oe430X (.const:ti_sysbios_family_msp430_TimestampProvider_useClockTimer__C)
                  00018b1e    00000002     empty_pe430X.oe430X (.const:ti_sysbios_gates_GateMutex_Instance_State_sem__O)
                  00018b20    00000002     empty_pe430X.oe430X (.const:ti_sysbios_gates_GateMutex_Module__id__C)
                  00018b22    00000002     empty_pe430X.oe430X (.const:ti_sysbios_hal_Hwi_Module__id__C)
                  00018b24    00000002     empty_pe430X.oe430X (.const:ti_sysbios_heaps_HeapMem_Object__count__C)
                  00018b26    00000002     empty_pe430X.oe430X (.const:ti_sysbios_knl_Clock_Module_State_clockQ__O)
                  00018b28    00000002     empty_pe430X.oe430X (.const:ti_sysbios_knl_Clock_Module__id__C)
                  00018b2a    00000002     empty_pe430X.oe430X (.const:ti_sysbios_knl_Clock_Module__loggerDefined__C)
                  00018b2c    00000002     empty_pe430X.oe430X (.const:ti_sysbios_knl_Semaphore_Instance_State_pendQ__O)
                  00018b2e    00000002     empty_pe430X.oe430X (.const:ti_sysbios_knl_Semaphore_Module__id__C)
                  00018b30    00000002     empty_pe430X.oe430X (.const:ti_sysbios_knl_Semaphore_Module__loggerDefined__C)
                  00018b32    00000002     empty_pe430X.oe430X (.const:ti_sysbios_knl_Swi_Module__id__C)
                  00018b34    00000002     empty_pe430X.oe430X (.const:ti_sysbios_knl_Swi_Module__loggerDefined__C)
                  00018b36    00000002     empty_pe430X.oe430X (.const:ti_sysbios_knl_Swi_Object__count__C)
                  00018b38    00000002     empty_pe430X.oe430X (.const:ti_sysbios_knl_Task_Module_State_inactiveQ__O)
                  00018b3a    00000002     empty_pe430X.oe430X (.const:ti_sysbios_knl_Task_Module__id__C)
                  00018b3c    00000002     empty_pe430X.oe430X (.const:ti_sysbios_knl_Task_Module__loggerDefined__C)
                  00018b3e    00000002     empty_pe430X.oe430X (.const:ti_sysbios_knl_Task_Object__count__C)
                  00018b40    00000002     empty_pe430X.oe430X (.const:ti_sysbios_knl_Task_initStackFlag__C)
                  00018b42    00000002     empty_pe430X.oe430X (.const:ti_sysbios_knl_Task_numConstructedTasks__C)
                  00018b44    00000002     empty_pe430X.oe430X (.const:ti_sysbios_utils_Load_Module__id__C)
                  00018b46    00000002     empty_pe430X.oe430X (.const:ti_sysbios_utils_Load_Module__loggerDefined__C)
                  00018b48    00000002     empty_pe430X.oe430X (.const:ti_sysbios_utils_Load_updateInIdle__C)
                  00018b4a    00000002     empty_pe430X.oe430X (.const:ti_sysbios_utils_Load_windowInMs__C)
                  00018b4c    00000002     empty_pe430X.oe430X (.const:ti_uia_loggers_LoggerStopMode_Module__id__C)
                  00018b4e    00000002     empty_pe430X.oe430X (.const:ti_uia_loggers_LoggerStopMode_Object__count__C)
                  00018b50    00000002     empty_pe430X.oe430X (.const:ti_uia_loggers_LoggerStopMode_isTimestampEnabled__C)
                  00018b52    00000002     empty_pe430X.oe430X (.const:xdc_runtime_Core_Module__id__C)
                  00018b54    00000002     empty_pe430X.oe430X (.const:xdc_runtime_Error_Module__loggerDefined__C)
                  00018b56    00000002     empty_pe430X.oe430X (.const:xdc_runtime_Error_maxDepth__C)
                  00018b58    00000002     empty_pe430X.oe430X (.const:xdc_runtime_Error_policy__C)
                  00018b5a    00000002     empty_pe430X.oe430X (.const:xdc_runtime_HeapStd_Module__id__C)
                  00018b5c    00000002     empty_pe430X.oe430X (.const:xdc_runtime_Main_Module__id__C)
                  00018b5e    00000002     empty_pe430X.oe430X (.const:xdc_runtime_Main_Module__loggerDefined__C)
                  00018b60    00000002     empty_pe430X.oe430X (.const:xdc_runtime_Memory_Module__id__C)
                  00018b62    00000002     empty_pe430X.oe430X (.const:xdc_runtime_Startup_maxPasses__C)
                  00018b64    00000002     empty_pe430X.oe430X (.const:xdc_runtime_SysMin_bufSize__C)
                  00018b66    00000002     empty_pe430X.oe430X (.const:xdc_runtime_SysMin_flushAtExit__C)
                  00018b68    00000002     empty_pe430X.oe430X (.const:xdc_runtime_System_maxAtexitHandlers__C)
                  00018b6a    00000002     empty_pe430X.oe430X (.const:xdc_runtime_Text_charCnt__C)
                  00018b6c    00000002     empty_pe430X.oe430X (.const:xdc_runtime_Text_isLoaded__C)
                  00018b6e    00000002     empty_pe430X.oe430X (.const:xdc_runtime_Text_registryModsLastId__C)
                  00018b70    00000002     empty_pe430X.oe430X (.const:xdc_runtime_Text_unnamedModsLastId__C)

.cinit     0    00018b72    00000478     
                  00018b72    00000448     (.cinit..data.load) [load image, compression = rle]
                  00018fba    0000000c     (__TI_handler_table)
                  00018fc6    00000006     (.cinit..bss.load) [load image, compression = zero_init]
                  00018fcc    00000006     (.cinit..cio.load) [load image, compression = zero_init]
                  00018fd2    00000018     (__TI_cinit_table)

.init_array 
*          0    00004400    00000000     UNINITIALIZED

.TI.persistent 
*          0    00003424    00000000     UNINITIALIZED

RTC        0    0000ffd2    00000002     
                  0000ffd2    00000002     sysbios.ae430X : BIOS.obj (.int41)

PORT2      0    0000ffd4    00000002     
                  0000ffd4    00000002     sysbios.ae430X : BIOS.obj (.int42)

TIMER2_A1 
*          0    0000ffd6    00000002     
                  0000ffd6    00000002     sysbios.ae430X : BIOS.obj (.int43)

TIMER2_A0 
*          0    0000ffd8    00000002     
                  0000ffd8    00000002     sysbios.ae430X : BIOS.obj (.int44)

USCI_B1    0    0000ffda    00000002     
                  0000ffda    00000002     sysbios.ae430X : BIOS.obj (.int45)

USCI_A1    0    0000ffdc    00000002     
                  0000ffdc    00000002     sysbios.ae430X : BIOS.obj (.int46)

PORT1      0    0000ffde    00000002     
                  0000ffde    00000002     sysbios.ae430X : BIOS.obj (.int47)

TIMER1_A1 
*          0    0000ffe0    00000002     
                  0000ffe0    00000002     sysbios.ae430X : BIOS.obj (.int48)

TIMER1_A0 
*          0    0000ffe2    00000002     
                  0000ffe2    00000002     sysbios.ae430X : BIOS.obj (.int49)

DMA        0    0000ffe4    00000002     
                  0000ffe4    00000002     sysbios.ae430X : BIOS.obj (.int50)

USB_UBM    0    0000ffe6    00000002     
                  0000ffe6    00000002     sysbios.ae430X : BIOS.obj (.int51)

TIMER0_A1 
*          0    0000ffe8    00000002     
                  0000ffe8    00000002     sysbios.ae430X : BIOS.obj (.int52)

TIMER0_A0 
*          0    0000ffea    00000002     
                  0000ffea    00000002     sysbios.ae430X : BIOS.obj (.int53)

ADC12      0    0000ffec    00000002     
                  0000ffec    00000002     sysbios.ae430X : BIOS.obj (.int54)

USCI_B0    0    0000ffee    00000002     
                  0000ffee    00000002     sysbios.ae430X : BIOS.obj (.int55)

USCI_A0    0    0000fff0    00000002     
                  0000fff0    00000002     sysbios.ae430X : BIOS.obj (.int56)

WDT        0    0000fff2    00000002     
                  0000fff2    00000002     sysbios.ae430X : BIOS.obj (.int57)

TIMER0_B1 
*          0    0000fff4    00000002     
                  0000fff4    00000002     sysbios.ae430X : BIOS.obj (.int58)

TIMER0_B0 
*          0    0000fff6    00000002     
                  0000fff6    00000002     sysbios.ae430X : BIOS.obj (.int59)

COMP_B     0    0000fff8    00000002     
                  0000fff8    00000002     sysbios.ae430X : BIOS.obj (.int60)

UNMI       0    0000fffa    00000002     
                  0000fffa    00000002     sysbios.ae430X : BIOS.obj (.int61)

SYSNMI     0    0000fffc    00000002     
                  0000fffc    00000002     sysbios.ae430X : BIOS.obj (.int62)

.reset     0    0000fffe    00000002     
                  0000fffe    00000002     boot.ae430X : boot.oe430X (.reset)

xdc.meta   0    00000000    000000f8     COPY SECTION
                  00000000    000000f8     empty_pe430X.oe430X (xdc.meta)

.text      0    00010000    000065a6     
                  00010000    000004dc     sysbios.ae430X : BIOS.obj (.text:ti_sysbios_knl_Semaphore_pend__E)
                  000104dc    000004d2     ti.targets.msp430.rts430.ae430X : System.oe430X (.text:xdc_runtime_System_doPrint__I)
                  000109ae    00000272                                     : HeapStd.oe430X (.text:xdc_runtime_HeapStd_alloc__E)
                  00010c20    0000025e     empty_pe430X.oe430X (.text:ti_uia_loggers_LoggerStopMode_write8__E)
                  00010e7e    00000252     empty_pe430X.oe430X (.text:ti_uia_loggers_LoggerStopMode_writeMemoryRange__E)
                  000110d0    00000208     sysbios.ae430X : BIOS.obj (.text:ti_sysbios_knl_Semaphore_post__E)
                  000112d8    000001ee     empty_pe430X.oe430X (.text:ti_uia_loggers_LoggerStopMode_write4__E)
                  000114c6    000001c8     ti.targets.msp430.rts430.ae430X : Core-mem.oe430X (.text:xdc_runtime_Core_createObject__I)
                  0001168e    000001b6     empty_pe430X.oe430X (.text:ti_uia_loggers_LoggerStopMode_write2__E)
                  00011844    000001b2     sysbios.ae430X : BIOS.obj (.text:ti_sysbios_knl_Swi_run__I)
                  000119f6    00000198                    : BIOS.obj (.text:ti_sysbios_knl_Clock_workFunc__E)
                  00011b8e    00000198     empty_pe430X.oe430X (.text:ti_uia_loggers_LoggerStopMode_write1__E)
                  00011d26    00000190     ti.targets.msp430.rts430.ae430X : HeapStd.oe430X (.text:xdc_runtime_HeapStd_Instance_init__E)
                  00011eb6    0000017e     empty_pe430X.oe430X (.text:ti_uia_loggers_LoggerStopMode_write0__E)
                  00012034    0000016c     ti.targets.msp430.rts430.ae430X : Core-smem.oe430X (.text:xdc_runtime_Core_constructObject__I)
                  000121a0    00000164     empty_pe430X.oe430X (.text:xdc_runtime_System_printfExtend__I)
                  00012304    0000015a     sysbios.ae430X : BIOS.obj (.text:ti_sysbios_knl_Task_startCore__E)
                  0001245e    00000158     ti.targets.msp430.rts430.ae430X : Error.oe430X (.text:xdc_runtime_Error_policyDefault__E)
                  000125b6    00000154     sysbios.ae430X : BIOS.obj (.text:ti_sysbios_knl_Task_schedule__I)
                  0001270a    0000014e                    : BIOS.obj (.text:ti_sysbios_utils_Load_updateLoads__E)
                  00012858    00000148                    : BIOS.obj (.text:ti_sysbios_gates_GateMutex_enter__E)
                  000129a0    00000146     ti.targets.msp430.rts430.ae430X : HeapStd.oe430X (.text:xdc_runtime_HeapStd_free__E)
                  00012ae6    00000136     sysbios.ae430X : BIOS.obj (.text:ti_sysbios_knl_Task_checkStacks__E)
                  00012c1c    00000132                    : BIOS.obj (.text:ti_sysbios_knl_Semaphore_Instance_init__E)
                  00012d4e    00000122                    : BIOS.obj (.text:ti_sysbios_utils_Load_idleFxn__E)
                  00012e70    0000010c                    : BIOS.obj (.text:ti_sysbios_knl_Task_yield__E)
                  00012f7c    00000100                    : BIOS.obj (.text:ti_sysbios_knl_Swi_post__E)
                  0001307c    00000100                    : BIOS.obj (.text:ti_sysbios_knl_Swi_restoreHwi__E)
                  0001317c    000000f0                    : BIOS.obj (.text:ti_sysbios_knl_Task_unblockI__E)
                  0001326c    000000e2     ccs-MSP430F5529.lib : ucs.obj (.text:UCS_initFLL)
                  0001334e    000000de     sysbios.ae430X : BIOS.obj (.text:ti_sysbios_knl_Task_blockI__E)
                  0001342c    000000dc                    : BIOS.obj (.text:ti_sysbios_knl_Swi_runLoop__I)
                  00013508    000000d8     ti.uia.loggers.ae430X : LoggerStopMode.oe430X (.text:ti_uia_loggers_LoggerStopMode_flush__E)
                  000135e0    000000d8                           : LoggerStopMode.oe430X (.text:ti_uia_loggers_LoggerStopMode_initQueueDescriptor__E)
                  000136b8    000000d2     sysbios.ae430X : BIOS.obj (.text:ti_sysbios_knl_Task_exit__E)
                  0001378a    000000c0     ti.targets.msp430.rts430.ae430X : Startup.oe430X (.text:xdc_runtime_Startup_startMods__I)
                  0001384a    000000be     main.obj (.text:printMessage)
                  00013908    000000bc     main.obj (.text:hardware_init)
                  000139c4    000000b8     ti.targets.msp430.rts430.ae430X : Text.oe430X (.text:xdc_runtime_Text_putSite__E)
                  00013a7c    000000b4     sysbios.ae430X : BIOS.obj (.text:ti_sysbios_knl_Swi_schedule__I)
                  00013b30    000000ae     main.obj (.text:remove_item)
                  00013bde    000000aa     main.obj (.text:insert_item)
                  00013c88    000000a8     sysbios.ae430X : BIOS.obj (.text:ti_sysbios_knl_Task_postInit__I)
                  00013d30    0000009c     main.obj (.text:printErrorMessage)
                  00013dcc    0000009a     ti.uia.runtime.ae430X : QueueDescriptor.oe430X (.text:ti_uia_runtime_QueueDescriptor_addToList__E)
                  00013e66    00000096     ti.targets.msp430.rts430.ae430X : System.oe430X (.text:xdc_runtime_System_formatNum__I)
                  00013efc    00000092                                     : Error.oe430X (.text:xdc_runtime_Error_print__E)
                  00013f8e    0000008a     sysbios.ae430X : BIOS.obj (.text:ti_sysbios_family_msp430_Timer_getExpiredCounts__E)
                  00014018    0000008a                    : BIOS.obj (.text:ti_sysbios_family_msp430_TimestampProvider_Module_startup__E)
                  000140a2    00000088     ccs-MSP430F5529.lib : ucs.obj (.text:UCS_initClockSignal)
                  0001412a    00000088     sysbios.ae430X : BIOS.obj (.text:ti_sysbios_knl_Clock_logTick__E)
                  000141b2    00000088                    : BIOS.obj (.text:ti_sysbios_utils_Load_logCPULoad__I)
                  0001423a    00000086     ti.targets.msp430.rts430.ae430X : Text.oe430X (.text:xdc_runtime_Text_putMod__E)
                  000142c0    00000084     sysbios.ae430X : BIOS.obj (.text:ti_sysbios_family_msp430_Hwi_Module_startup__E)
                  00014344    00000082     ti.targets.msp430.rts430.ae430X : Text.oe430X (.text:xdc_runtime_Text_putLab__E)
                  000143c6    00000080     sysbios.ae430X : BIOS.obj (.text:ti_sysbios_family_msp430_TimestampProvider_get32__E)
                  00014446    00000080     ti.targets.msp430.rts430.ae430X : Memory.oe430X (.text:xdc_runtime_Memory_alloc__E)
                  000144c6    00000078     sysbios.ae430X : msp430_TaskSupport_asm.obj (.text:_ti_sysbios_family_msp430_TaskSupport_buildTaskStack)
                  0001453e    00000078     ti.targets.msp430.rts430.ae430X : Error.oe430X (.text:xdc_runtime_Error_setX__E)
                  000145b6    00000076                                     : Core-mem.oe430X (.text:xdc_runtime_Core_deleteObject__I)
                  0001462c    00000072     sysbios.ae430X : BIOS.obj (.text:ti_sysbios_family_msp430_Timer_periodicStub__E)
                  0001469e    00000072                    : BIOS.obj (.text:ti_sysbios_heaps_HeapMem_init__I)
                  00014710    00000070     boot.ae430X : autoinit_wdt.oe430X (.text:_auto_init_hold_wdt)
                  00014780    0000006c     empty_pe430X.oe430X (.text:xdc_runtime_HeapStd_Object__create__S)
                  000147ec    0000006a     rts430x_lc_rd_eabi.lib : trgdrv.obj (.text:HOSTwrite)
                  00014856    00000068                            : copy_decompress_rle.obj (.text:__TI_decompress_rle_core)
                  000148be    00000068     sysbios.ae430X : BIOS.obj (.text:ti_sysbios_family_msp430_TaskSupport_start__E)
                  00014926    00000068     ti.targets.msp430.rts430.ae430X : Assert.oe430X (.text:xdc_runtime_Assert_raise__I)
                  0001498e    00000066     sysbios.ae430X : BIOS.obj (.text:ti_sysbios_knl_Task_Module_startup__E)
                  000149f4    00000064                    : BIOS.obj (.text:ti_sysbios_family_msp430_Hwi_postInit__I)
                  00014a58    00000064     ti.targets.msp430.rts430.ae430X : SysMin.oe430X (.text:xdc_runtime_SysMin_flush__E)
                  00014abc    00000060     sysbios.ae430X : BIOS.obj (.text:ti_sysbios_family_msp430_Timer_getFreq__E)
                  00014b1c    00000060     ti.uia.loggers.ae430X : LoggerStopMode.oe430X (.text:ti_uia_loggers_LoggerStopMode_initBuffer__I)
                  00014b7c    0000005e     sysbios.ae430X : BIOS.obj (.text:ti_sysbios_family_msp430_Timer_setNextTick__E)
                  00014bda    0000005a     ti.targets.msp430.rts430.ae430X : Text.oe430X (.text:xdc_runtime_Text_visitRope2__I)
                  00014c34    00000058     rts430x_lc_rd_eabi.lib : div32u.obj (.text)
                  00014c8c    00000056                            : trgdrv.obj (.text:HOSTtime)
                  00014ce2    00000056     main.obj (.text:producerHandler)
                  00014d38    00000056     sysbios.ae430X : BIOS.obj (.text:ti_sysbios_family_msp430_Hwi_getStackInfo__E)
                  00014d8e    00000056     ti.uia.loggers.ae430X : LoggerStopMode.oe430X (.text:ti_uia_loggers_LoggerStopMode_reset__E)
                  00014de4    00000056     ti.targets.msp430.rts430.ae430X : SysMin.oe430X (.text:xdc_runtime_SysMin_putch__E)
                  00014e3a    00000054     sysbios.ae430X : BIOS.obj (.text:ti_sysbios_family_msp430_Timer_start__E)
                  00014e8e    00000054                    : BIOS.obj (.text:ti_sysbios_knl_Task_processVitalTaskFlag__I)
                  00014ee2    00000052                    : BIOS.obj (.text:ti_sysbios_knl_Swi_restore__E)
                  00014f34    00000052     ti.targets.msp430.rts430.ae430X : Startup.oe430X (.text:xdc_runtime_Startup_exec__E)
                  00014f86    00000050     sysbios.ae430X : BIOS.obj (.text:ti_sysbios_family_msp430_Timer_initDevice__I)
                  00014fd6    00000050                    : BIOS.obj (.text:ti_sysbios_utils_Load_updateCurrentThreadTime__E)
                  00015026    0000004e     ti.targets.msp430.rts430.ae430X : Core-params.oe430X (.text:xdc_runtime_Core_assignParams__I)
                  00015074    0000004c     ti.catalog.msp430.init.ae430X : Boot.oe430X (.text:.bootCodeSection:ti_catalog_msp430_init_Boot_configureDCO)
                  000150c0    0000004c     sysbios.ae430X : BIOS.obj (.text:ti_sysbios_knl_Semaphore_pendTimeout__I)
                  0001510c    0000004c     ti.uia.loggers.ae430X : LoggerStopMode.oe430X (.text:ti_uia_loggers_LoggerStopMode_Module_startup__E)
                  00015158    0000004a     sysbios.ae430X : BIOS.obj (.text:ti_sysbios_family_msp430_Timer_startup__E)
                  000151a2    0000004a                    : BIOS.obj (.text:ti_sysbios_knl_Task_allBlockedFunction__I)
                  000151ec    00000048                    : BIOS.obj (.text:ti_sysbios_hal_Hwi_checkStack)
                  00015234    00000046                    : BIOS.obj (.text:ti_sysbios_family_msp430_Timer_Module_startup__E)
                  0001527a    00000042                    : BIOS.obj (.text:ti_sysbios_family_msp430_Timer_getCount__E)
                  000152bc    00000042     empty_pe430X.oe430X (.text:ti_sysbios_gates_GateHwi_Object__create__S)
                  000152fe    00000042     empty_pe430X.oe430X (.text:ti_sysbios_gates_GateMutex_Object__create__S)
                  00015340    00000042     sysbios.ae430X : BIOS.obj (.text:ti_sysbios_knl_Clock_addI__E)
                  00015382    00000042     empty_pe430X.oe430X (.text:ti_uia_loggers_LoggerStopMode_Object__create__S)
                  000153c4    00000042     ti.targets.msp430.rts430.ae430X : Text.oe430X (.text:xdc_runtime_Text_xprintf__I)
                  00015406    00000040     main.obj (.text:ledSrvTaskHandler)
                  00015446    00000040     rts430x_lc_rd_eabi.lib : rand.obj (.text:rand)
                  00015486    00000040     ti.targets.msp430.rts430.ae430X : Text.oe430X (.text:xdc_runtime_Text_printVisFxn__I)
                  000154c6    0000003e     main.obj (.text:consumerHandler)
                  00015504    0000003e     rts430x_lc_rd_eabi.lib : lsl32.obj (.text:l_lsl_const)
                  00015542    0000003e                            : lsr32.obj (.text:l_lsr_const)
                  00015580    0000003e     empty_pe430X.oe430X (.text:ti_sysbios_knl_Semaphore_construct)
                  000155be    0000003e     ti.targets.msp430.rts430.ae430X : System.oe430X (.text:xdc_runtime_System_atexit__E)
                  000155fc    0000003c     sysbios.ae430X : BIOS.obj (.text:ti_sysbios_hal_Hwi_initStack)
                  00015638    0000003c     ti.targets.msp430.rts430.ae430X : System.oe430X (.text:xdc_runtime_System_processAtExit__E)
                  00015674    0000003a     empty_pe430X.oe430X (.text:ti_sysbios_knl_Queue_construct)
                  000156ae    0000003a     ti.targets.msp430.rts430.ae430X : System.oe430X (.text:xdc_runtime_System_putchar__I)
                  000156e8    00000038     sysbios.ae430X : BIOS.obj (.text:ti_sysbios_family_msp430_Hwi53_p2)
                  00015720    00000036     rts430x_lc_rd_eabi.lib : trgmsg.obj (.text:__TI_writemsg)
                  00015756    00000036     ti.targets.msp430.rts430.ae430X : Error.oe430X (.text:xdc_runtime_Error_raiseX__E)
                  0001578c    00000032     ccs-MSP430F5529.lib : ucs.obj (.text:UCS_initFLLSettle)
                  000157be    00000032     rts430x_lc_rd_eabi.lib : trgmsg.obj (.text:__TI_readmsg)
                  000157f0    00000032     sysbios.ae430X : BIOS.obj (.text:ti_sysbios_family_msp430_Timer_postInit__I)
                  00015822    00000032                    : BIOS.obj (.text:ti_sysbios_family_msp430_Timer_stop__E)
                  00015854    00000032                    : msp430_Hwi_switch_asm.obj (.text:ti_sysbios_family_xxx_Hwi_switchAndRunFunc)
                  00015886    00000032     ti.targets.msp430.rts430.ae430X : Core-label.oe430X (.text:xdc_runtime_Core_assignLabel__I)
                  000158b8    00000032                                     : SysMin.oe430X (.text:xdc_runtime_SysMin_abort__E)
                  000158ea    00000032                                     : System.oe430X (.text:xdc_runtime_System_avprintf__E)
                  0001591c    00000032                                     : System.oe430X (.text:xdc_runtime_System_vprintf__E)
                  0001594e    00000030     sysbios.ae430X : BIOS.obj (.text:ti_sysbios_knl_Queue_put__E)
                  0001597e    00000030                    : BIOS.obj (.text:ti_sysbios_knl_Task_restore__E)
                  000159ae    0000002e     rts430x_lc_rd_eabi.lib : exit.obj (.text:exit)
                  000159dc    0000002e     main.obj (.text:prepForLedSrv)
                  00015a0a    0000002c     rts430x_lc_rd_eabi.lib : div16s.obj (.text)
                  00015a36    0000002c     empty_pe430X.oe430X (.text:ti_sysbios_knl_Clock_doTick__I)
                  00015a62    0000002c     sysbios.ae430X : BIOS.obj (.text:ti_sysbios_utils_Load_updateThreadContexts__E)
                  00015a8e    0000002a     empty_pe430X.oe430X (.text:ti_sysbios_BIOS_atExitFunc__I)
                  00015ab8    0000002a     empty_pe430X.oe430X (.text:ti_sysbios_family_msp430_Hwi_Object__get__S)
                  00015ae2    0000002a     sysbios.ae430X : BIOS.obj (.text:ti_sysbios_knl_Clock_Module_startup__E)
                  00015b0c    0000002a     empty_pe430X.oe430X (.text:ti_sysbios_knl_Swi_Object__get__S)
                  00015b36    0000002a     empty_pe430X.oe430X (.text:ti_sysbios_knl_Task_Object__get__S)
                  00015b60    0000002a     empty_pe430X.oe430X (.text:ti_uia_loggers_LoggerStopMode_Object__get__S)
                  00015b8a    0000002a     empty_pe430X.oe430X (.text:xdc_runtime_SysMin_output__I)
                  00015bb4    00000028     ccs-MSP430F5529.lib : gpio.obj (.text:GPIO_setAsOutputPin)
                  00015bdc    00000028     empty_pe430X.oe430X (.text:ti_sysbios_BIOS_errorRaiseHook__I)
                  00015c04    00000028     ti.targets.msp430.rts430.ae430X : Text.oe430X (.text:xdc_runtime_Text_cordText__E)
                  00015c2c    00000026     empty_pe430X.oe430X (.text:ti_sysbios_gates_GateMutex_Object__delete__S)
                  00015c52    00000026     sysbios.ae430X : BIOS.obj (.text:ti_sysbios_knl_Swi_Module_startup__E)
                  00015c78    00000024     rts430x_lc_rd_eabi.lib : copy_zero_init.obj (.text:decompress:ZI:__TI_zero_init)
                  00015c9c    00000024     main.obj (.text:ledToggle)
                  00015cc0    00000024     empty_pe430X.oe430X (.text:ti_sysbios_BIOS_rtsLock__I)
                  00015ce4    00000024     empty_pe430X.oe430X (.text:ti_sysbios_gates_GateHwi_Object__delete__S)
                  00015d08    00000024     ti.uia.loggers.ae430X : LoggerStopMode.oe430X (.text:ti_uia_loggers_LoggerStopMode_Instance_init__E)
                  00015d2c    00000024     empty_pe430X.oe430X (.text:ti_uia_loggers_LoggerStopMode_Object__delete__S)
                  00015d50    00000024     empty_pe430X.oe430X (.text:xdc_runtime_HeapStd_Object__delete__S)
                  00015d74    00000022     main.obj (.text:main)
                  00015d96    00000022     rts430x_lc_rd_eabi.lib : mult32_f5hw.obj (.text)
                  00015db8    00000022     sysbios.ae430X : BIOS.obj (.text:ti_sysbios_gates_GateMutex_Instance_init__E)
                  00015dda    00000022                    : BIOS.obj (.text:ti_sysbios_gates_GateMutex_leave__E)
                  00015dfc    00000022                    : BIOS.obj (.text:ti_sysbios_knl_Clock_startI__E)
                  00015e1e    00000022                    : BIOS.obj (.text:ti_sysbios_knl_Idle_run__E)
                  00015e40    00000022                    : BIOS.obj (.text:ti_sysbios_knl_Task_restoreHwi__E)
                  00015e62    00000022                    : BIOS.obj (.text:ti_sysbios_knl_Task_unblock__E)
                  00015e84    00000022     ti.uia.loggers.ae430X : LoggerStopMode.oe430X (.text:ti_uia_loggers_LoggerStopMode_disable__E)
                  00015ea6    00000022                           : LoggerStopMode.oe430X (.text:ti_uia_loggers_LoggerStopMode_enable__E)
                  00015ec8    00000022     ti.targets.msp430.rts430.ae430X : Memory.oe430X (.text:xdc_runtime_Memory_valloc__E)
                  00015eea    00000020                                     : Error.oe430X (.text:xdc_runtime_Error_check__E)
                  00015f0a    00000020                                     : HeapStd.oe430X (.text:xdc_runtime_HeapStd_getStats__E)
                  00015f2a    0000001e     empty_pe430X.oe430X (.text:ti_sysbios_BIOS_rtsUnlock__I)
                  00015f48    0000001e     empty_pe430X.oe430X (.text:ti_sysbios_family_msp430_Timer_Module__startupDone__F)
                  00015f66    0000001e     empty_pe430X.oe430X (.text:ti_sysbios_gates_GateHwi_Handle__label__S)
                  00015f84    0000001e     empty_pe430X.oe430X (.text:ti_sysbios_gates_GateMutex_Handle__label__S)
                  00015fa2    0000001e     sysbios.ae430X : BIOS.obj (.text:ti_sysbios_knl_Task_enter__I)
                  00015fc0    0000001e     empty_pe430X.oe430X (.text:ti_uia_loggers_LoggerStopMode_Handle__label__S)
                  00015fde    0000001e     empty_pe430X.oe430X (.text:xdc_runtime_HeapStd_Handle__label__S)
                  00015ffc    0000001c     ccs-MSP430F5529.lib : gpio.obj (.text:GPIO_setOutputLowOnPin)
                  00016018    0000001c                         : gpio.obj (.text:GPIO_toggleOutputOnPin)
                  00016034    0000001c     sysbios.ae430X : msp430_TaskSupport_asm.obj (.text:_ti_sysbios_family_msp430_TaskSupport_swap__E)
                  00016050    0000001c     empty_pe430X.oe430X (.text:ti_sysbios_BIOS_startFunc__I)
                  0001606c    0000001c     empty_pe430X.oe430X (.text:ti_sysbios_family_msp430_Hwi_Module__startupDone__F)
                  00016088    0000001c     empty_pe430X.oe430X (.text:ti_sysbios_heaps_HeapMem_Object__get__S)
                  000160a4    0000001c     sysbios.ae430X : BIOS.obj (.text:ti_sysbios_knl_Semaphore_reset__E)
                  000160c0    0000001c     ti.targets.msp430.rts430.ae430X : Registry.oe430X (.text:xdc_runtime_Registry_findById__E)
                  000160dc    0000001c                                     : SysMin.oe430X (.text:xdc_runtime_SysMin_Module_startup__E)
                  000160f8    0000001a     ccs-MSP430F5529.lib : wdt_a.obj (.text:WDT_A_hold)
                  00016112    0000001a     empty_pe430X.oe430X (.text:ti_sysbios_BIOS_exitFunc__I)
                  0001612c    0000001a     empty_pe430X.oe430X (.text:ti_sysbios_BIOS_registerRTSLock__I)
                  00016146    0000001a     empty_pe430X.oe430X (.text:ti_sysbios_BIOS_removeRTSLock__I)
                  00016160    0000001a     sysbios.ae430X : BIOS.obj (.text:ti_sysbios_family_msp430_TimestampProvider_get64__E)
                  0001617a    0000001a     empty_pe430X.oe430X (.text:ti_sysbios_knl_Semaphore_Object__destruct__S)
                  00016194    0000001a     ti.uia.loggers.ae430X : LoggerStopMode.oe430X (.text:ti_uia_loggers_LoggerStopMode_isEmpty__E)
                  000161ae    0000001a     ti.targets.msp430.rts430.ae430X : System.oe430X (.text:xdc_runtime_System_vsnprintf__E)
                  000161c8    00000018     main.obj (.text:delay)
                  000161e0    00000018     main.obj (.text:initArray)
                  000161f8    00000018     sysbios.ae430X : BIOS.obj (.text:ti_sysbios_BIOS_setThreadType__E)
                  00016210    00000018     empty_pe430X.oe430X (.text:ti_sysbios_knl_Queue_Object__destruct__S)
                  00016228    00000018     rts430x_lc_rd_eabi.lib : time.obj (.text:time)
                  00016240    00000016                            : memset.obj (.text:memset)
                  00016256    00000016                            : div16u.obj (.text)
                  0001626c    00000016                            : mult16_f5hw.obj (.text)
                  00016282    00000016                            : rand.obj (.text:srand)
                  00016298    00000016     sysbios.ae430X : BIOS.obj (.text:ti_sysbios_knl_Task_enabled__E)
                  000162ae    00000016     ti.targets.msp430.rts430.ae430X : SysMin.oe430X (.text:xdc_runtime_SysMin_exit__E)
                  000162c4    00000016                                     : System.oe430X (.text:xdc_runtime_System_abort__E)
                  000162da    00000014     rts430x_lc_rd_eabi.lib : memcpy.obj (.text:memcpy)
                  000162ee    00000014     empty_pe430X.oe430X (.text:ti_sysbios_knl_Queue_Object__get__S)
                  00016302    00000014     ti.targets.msp430.rts430.ae430X : Memory.oe430X (.text:xdc_runtime_Memory_calloc__E)
                  00016316    00000014     empty_pe430X.oe430X (.text:xdc_runtime_Startup_exec__I)
                  0001632a    00000014     ti.targets.msp430.rts430.ae430X : Text.oe430X (.text:xdc_runtime_Text_ropeText__E)
                  0001633e    00000012     rts430x_lc_rd_eabi.lib : copy_decompress_none.obj (.text:decompress:none:__TI_decompress_none)
                  00016350    00000012     sysbios.ae430X : BIOS.obj (.text:ti_sysbios_gates_GateHwi_leave__E)
                  00016362    00000012                    : BIOS.obj (.text:ti_sysbios_gates_GateMutex_Instance_finalize__E)
                  00016374    00000012                    : BIOS.obj (.text:ti_sysbios_knl_Semaphore_Instance_finalize__E)
                  00016386    00000012     empty_pe430X.oe430X (.text:xdc_runtime_System_aprintf__E)
                  00016398    00000012     ti.targets.msp430.rts430.ae430X : System.oe430X (.text:xdc_runtime_System_exit__E)
                  000163aa    00000012     empty_pe430X.oe430X (.text:xdc_runtime_System_printf__E)
                  000163bc    00000010     sysbios.ae430X : msp430_TaskSupport_asm.obj (.text:_ti_sysbios_family_msp430_TaskSupport_glue)
                  000163cc    00000010                    : BIOS.obj (.text:ti_sysbios_family_msp430_TaskSupport_checkStack__E)
                  000163dc    00000010                    : BIOS.obj (.text:ti_sysbios_hal_Hwi_Module_startup__E)
                  000163ec    00000010     ti.targets.msp430.rts430.ae430X : Error.oe430X (.text:xdc_runtime_Error_init__E)
                  000163fc    00000010     empty_pe430X.oe430X (.text:xdc_runtime_Text_visitRope__I)
                  0001640c    0000000e     rts430x_lc_rd_eabi.lib : strlen.obj (.text:strlen)
                  0001641a    0000000e     sysbios.ae430X : BIOS.obj (.text:ti_sysbios_family_msp430_Timer_getMaxTicks__E)
                  00016428    0000000e                    : BIOS.obj (.text:ti_sysbios_knl_Queue_empty__E)
                  00016436    0000000e                    : BIOS.obj (.text:ti_sysbios_knl_Swi_disable__E)
                  00016444    0000000e                    : BIOS.obj (.text:ti_sysbios_knl_Task_disable__E)
                  00016452    0000000e     ti.targets.msp430.rts430.ae430X : SysMin.oe430X (.text:xdc_runtime_SysMin_ready__E)
                  00016460    0000000c     empty_pe430X.oe430X (.text:.bootCodeSection:ti_catalog_msp430_init_Boot_init)
                  0001646c    0000000c     ti.targets.msp430.rts430.ae430X : Gate.oe430X (.text:xdc_runtime_Gate_leaveSystem__E)
                  00016478    0000000c                                     : Memory.oe430X (.text:xdc_runtime_Memory_free__E)
                  00016484    0000000a     rts430x_lc_rd_eabi.lib : lsl16.obj (.text)
                  0001648e    0000000a     sysbios.ae430X : BIOS.obj (.text:ti_sysbios_BIOS_start__E)
                  00016498    0000000a                    : BIOS.obj (.text:ti_sysbios_family_msp430_Hwi_startup__E)
                  000164a2    0000000a                    : BIOS.obj (.text:ti_sysbios_family_msp430_TimestampProvider_getFreq__E)
                  000164ac    0000000a                    : BIOS.obj (.text:ti_sysbios_gates_GateHwi_enter__E)
                  000164b6    0000000a                    : BIOS.obj (.text:ti_sysbios_knl_Queue_Instance_init__E)
                  000164c0    0000000a                    : BIOS.obj (.text:ti_sysbios_knl_Task_self__E)
                  000164ca    00000008     ti.catalog.msp430.init.ae430X : Boot.oe430X (.text:.bootCodeSection:ti_catalog_msp430_init_Boot_disableWatchdog)
                  000164d2    00000008     ti.targets.msp430.rts430.ae430X : xdc_init.oe430X (.text:__xdc__init)
                  000164da    00000008     sysbios.ae430X : BIOS.obj (.text:ti_sysbios_family_msp430_Hwi_switchFromBootStack__E)
                  000164e2    00000008                    : BIOS.obj (.text:ti_sysbios_family_msp430_Timer_getPeriod__E)
                  000164ea    00000008     ti.targets.msp430.rts430.ae430X : Gate.oe430X (.text:xdc_runtime_Gate_enterSystem__E)
                  000164f2    00000008     empty_pe430X.oe430X (.text:xdc_runtime_IHeap_alloc)
                  000164fa    00000008     empty_pe430X.oe430X (.text:xdc_runtime_IHeap_free)
                  00016502    00000008     ti.targets.msp430.rts430.ae430X : Memory.oe430X (.text:xdc_runtime_Memory_getMaxDefaultTypeAlign__E)
                  0001650a    00000006     rts430x_lc_rd_eabi.lib : _lock.obj (.text:_register_lock)
                  00016510    00000006                            : _lock.obj (.text:_register_unlock)
                  00016516    00000006                            : copy_decompress_rle.obj (.text:decompress:rle24:__TI_decompress_rle24)
                  0001651c    00000006     sysbios.ae430X : BIOS.obj (.text:ti_sysbios_knl_Idle_loop__E)
                  00016522    00000006                    : BIOS.obj (.text:ti_sysbios_knl_Swi_startup__E)
                  00016528    00000006                    : BIOS.obj (.text:ti_sysbios_knl_Task_getEnv__E)
                  0001652e    00000006                    : BIOS.obj (.text:ti_sysbios_knl_Task_setEnv__E)
                  00016534    00000006     ti.uia.loggers.ae430X : LoggerStopMode.oe430X (.text:ti_uia_loggers_LoggerStopMode_getInstanceId__E)
                  0001653a    00000006                           : LoggerStopMode.oe430X (.text:ti_uia_loggers_LoggerStopMode_getMaxLength__E)
                  00016540    00000006     ti.targets.msp430.rts430.ae430X : Error.oe430X (.text:xdc_runtime_Error_getSite__E)
                  00016546    00000004     boot.ae430X : pre_init.oe430X (.text:_system_pre_init)
                  0001654a    00000004     rts430x_lc_rd_eabi.lib : exit.obj (.text:abort)
                  0001654e    00000004     empty_pe430X.oe430X (.text:malloc)
                  00016552    00000004     empty_pe430X.oe430X (.text:ti_sysbios_BIOS_RtsGateProxy_enter__E)
                  00016556    00000004     empty_pe430X.oe430X (.text:ti_sysbios_BIOS_RtsGateProxy_leave__E)
                  0001655a    00000004     empty_pe430X.oe430X (.text:ti_sysbios_family_msp430_TaskSupport_Module__startupDone__S)
                  0001655e    00000004     sysbios.ae430X : BIOS.obj (.text:ti_sysbios_gates_GateHwi_query__E)
                  00016562    00000004                    : BIOS.obj (.text:ti_sysbios_gates_GateMutex_query__E)
                  00016566    00000004     empty_pe430X.oe430X (.text:ti_sysbios_knl_Clock_TimerProxy_getMaxTicks__E)
                  0001656a    00000004     empty_pe430X.oe430X (.text:ti_sysbios_knl_Clock_TimerProxy_getPeriod__E)
                  0001656e    00000004     empty_pe430X.oe430X (.text:ti_sysbios_knl_Queue_destruct)
                  00016572    00000004     empty_pe430X.oe430X (.text:ti_sysbios_knl_Semaphore_destruct)
                  00016576    00000004     sysbios.ae430X : BIOS.obj (.text:ti_sysbios_knl_Task_startup__E)
                  0001657a    00000004     ti.uia.loggers.ae430X : LoggerStopMode.oe430X (.text:ti_uia_loggers_LoggerStopMode_getContents__E)
                  0001657e    00000004     empty_pe430X.oe430X (.text:ti_uia_loggers_LoggerStopMode_getFilterLevel__E)
                  00016582    00000004     ti.uia.loggers.ae430X : LoggerStopMode.oe430X (.text:ti_uia_loggers_LoggerStopMode_getPriority__E)
                  00016586    00000004                           : LoggerStopMode.oe430X (.text:ti_uia_loggers_LoggerStopMode_getTransferType__E)
                  0001658a    00000004     ti.targets.msp430.rts430.ae430X : HeapStd.oe430X (.text:xdc_runtime_HeapStd_isBlocking__E)
                  0001658e    00000004     empty_pe430X.oe430X (.text:xdc_runtime_System_Module_GateProxy_enter__E)
                  00016592    00000004     empty_pe430X.oe430X (.text:xdc_runtime_System_Module_GateProxy_leave__E)
                  00016596    00000004     ti.targets.msp430.rts430.ae430X : System.oe430X (.text:xdc_runtime_System_Module_startup__E)
                  0001659a    00000002     rts430x_lc_rd_eabi.lib : _lock.obj (.text:_nop)
                  0001659c    00000002     empty_pe430X.oe430X (.text:free)
                  0001659e    00000002     empty_pe430X.oe430X (.text:ti_sysbios_BIOS_nullFunc__I)
                  000165a0    00000002     sysbios.ae430X : BIOS.obj (.text:ti_sysbios_gates_GateHwi_Instance_init__E)
                  000165a2    00000002     empty_pe430X.oe430X (.text:ti_uia_loggers_LoggerStopMode_setFilterLevel__E)
                  000165a4    00000002     ti.uia.loggers.ae430X : LoggerStopMode.oe430X (.text:ti_uia_loggers_LoggerStopMode_setPriority__E)


LINKER GENERATED COPY TABLES

__TI_cinit_table @ 00018fd2 records: 3, size/record: 8, table size: 24
	.data: load addr=00018b72, load size=00000448 bytes, run addr=00003424, run size=00000694 bytes, compression=rle
	.bss: load addr=00018fc6, load size=00000006 bytes, run addr=00002400, run size=00001024 bytes, compression=zero_init
	.cio: load addr=00018fcc, load size=00000006 bytes, run addr=00003ab8, run size=00000120 bytes, compression=zero_init


LINKER GENERATED HANDLER TABLE

__TI_handler_table @ 00018fba records: 3, size/record: 4, table size: 12
	index: 0, handler: __TI_zero_init
	index: 1, handler: __TI_decompress_rle24
	index: 2, handler: __TI_decompress_none


GLOBAL SYMBOLS: SORTED ALPHABETICALLY BY Name 

address   name                                                               
-------   ----                                                               
00000700  ADC12CTL0                                                          
00000701  ADC12CTL0_H                                                        
00000700  ADC12CTL0_L                                                        
00000702  ADC12CTL1                                                          
00000703  ADC12CTL1_H                                                        
00000702  ADC12CTL1_L                                                        
00000704  ADC12CTL2                                                          
00000705  ADC12CTL2_H                                                        
00000704  ADC12CTL2_L                                                        
0000070c  ADC12IE                                                            
0000070d  ADC12IE_H                                                          
0000070c  ADC12IE_L                                                          
0000070a  ADC12IFG                                                           
0000070b  ADC12IFG_H                                                         
0000070a  ADC12IFG_L                                                         
0000070e  ADC12IV                                                            
0000070f  ADC12IV_H                                                          
0000070e  ADC12IV_L                                                          
00000710  ADC12MCTL0                                                         
00000711  ADC12MCTL1                                                         
0000071a  ADC12MCTL10                                                        
0000071b  ADC12MCTL11                                                        
0000071c  ADC12MCTL12                                                        
0000071d  ADC12MCTL13                                                        
0000071e  ADC12MCTL14                                                        
0000071f  ADC12MCTL15                                                        
00000712  ADC12MCTL2                                                         
00000713  ADC12MCTL3                                                         
00000714  ADC12MCTL4                                                         
00000715  ADC12MCTL5                                                         
00000716  ADC12MCTL6                                                         
00000717  ADC12MCTL7                                                         
00000718  ADC12MCTL8                                                         
00000719  ADC12MCTL9                                                         
00000720  ADC12MEM0                                                          
00000721  ADC12MEM0_H                                                        
00000720  ADC12MEM0_L                                                        
00000722  ADC12MEM1                                                          
00000734  ADC12MEM10                                                         
00000735  ADC12MEM10_H                                                       
00000734  ADC12MEM10_L                                                       
00000736  ADC12MEM11                                                         
00000737  ADC12MEM11_H                                                       
00000736  ADC12MEM11_L                                                       
00000738  ADC12MEM12                                                         
00000739  ADC12MEM12_H                                                       
00000738  ADC12MEM12_L                                                       
0000073a  ADC12MEM13                                                         
0000073b  ADC12MEM13_H                                                       
0000073a  ADC12MEM13_L                                                       
0000073c  ADC12MEM14                                                         
0000073d  ADC12MEM14_H                                                       
0000073c  ADC12MEM14_L                                                       
0000073e  ADC12MEM15                                                         
0000073f  ADC12MEM15_H                                                       
0000073e  ADC12MEM15_L                                                       
00000723  ADC12MEM1_H                                                        
00000722  ADC12MEM1_L                                                        
00000724  ADC12MEM2                                                          
00000725  ADC12MEM2_H                                                        
00000724  ADC12MEM2_L                                                        
00000726  ADC12MEM3                                                          
00000727  ADC12MEM3_H                                                        
00000726  ADC12MEM3_L                                                        
00000728  ADC12MEM4                                                          
00000729  ADC12MEM4_H                                                        
00000728  ADC12MEM4_L                                                        
0000072a  ADC12MEM5                                                          
0000072b  ADC12MEM5_H                                                        
0000072a  ADC12MEM5_L                                                        
0000072c  ADC12MEM6                                                          
0000072d  ADC12MEM6_H                                                        
0000072c  ADC12MEM6_L                                                        
0000072e  ADC12MEM7                                                          
0000072f  ADC12MEM7_H                                                        
0000072e  ADC12MEM7_L                                                        
00000730  ADC12MEM8                                                          
00000731  ADC12MEM8_H                                                        
00000730  ADC12MEM8_L                                                        
00000732  ADC12MEM9                                                          
00000733  ADC12MEM9_H                                                        
00000732  ADC12MEM9_L                                                        
0001654a  C$$EXIT                                                            
00015752  C$$IO$$                                                            
000008c0  CBCTL0                                                             
000008c1  CBCTL0_H                                                           
000008c0  CBCTL0_L                                                           
000008c2  CBCTL1                                                             
000008c3  CBCTL1_H                                                           
000008c2  CBCTL1_L                                                           
000008c4  CBCTL2                                                             
000008c5  CBCTL2_H                                                           
000008c4  CBCTL2_L                                                           
000008c6  CBCTL3                                                             
000008c7  CBCTL3_H                                                           
000008c6  CBCTL3_L                                                           
000008cc  CBINT                                                              
000008cd  CBINT_H                                                            
000008cc  CBINT_L                                                            
000008ce  CBIV                                                               
00000150  CRCDI                                                              
00000152  CRCDIRB                                                            
00000153  CRCDIRB_H                                                          
00000152  CRCDIRB_L                                                          
00000151  CRCDI_H                                                            
00000150  CRCDI_L                                                            
00000154  CRCINIRES                                                          
00000155  CRCINIRES_H                                                        
00000154  CRCINIRES_L                                                        
00000156  CRCRESR                                                            
00000157  CRCRESR_H                                                          
00000156  CRCRESR_L                                                          
00000510  DMA0CTL                                                            
[...]
000164da  ti_sysbios_hal_Hwi_HwiProxy_switchFromBootStack__E                 
000164e2  ti_sysbios_family_msp430_Timer_getPeriod__E                        
000164ea  xdc_runtime_Gate_enterSystem__E                                    
000164f2  xdc_runtime_Memory_HeapProxy_alloc__E                              
000164fa  xdc_runtime_Memory_HeapProxy_free__E                               
00016502  xdc_runtime_Memory_getMaxDefaultTypeAlign__E                       
0001650a  _register_lock                                                     
00016510  _register_unlock                                                   
00016516  __TI_decompress_rle24                                              
0001651c  ti_sysbios_knl_Idle_loop__E                                        
00016522  ti_sysbios_knl_Swi_startup__E                                      
00016528  ti_sysbios_knl_Task_getEnv__E                                      
0001652e  ti_sysbios_knl_Task_setEnv__E                                      
00016534  ti_uia_loggers_LoggerStopMode_getInstanceId__E                     
0001653a  ti_uia_loggers_LoggerStopMode_getMaxLength__E                      
00016540  xdc_runtime_Error_getSite__E                                       
00016546  _system_pre_init                                                   
0001654a  C$$EXIT                                                            
0001654a  abort                                                              
0001654a  xdc_runtime_System_abortStd__E                                     
0001654e  malloc                                                             
00016552  ti_sysbios_BIOS_RtsGateProxy_enter__E                              
00016556  ti_sysbios_BIOS_RtsGateProxy_leave__E                              
0001655a  ti_sysbios_family_msp430_TaskSupport_Module__startupDone__S        
0001655a  ti_sysbios_knl_Task_SupportProxy_Module__startupDone__S            
0001655e  ti_sysbios_gates_GateHwi_query__E                                  
0001655e  xdc_runtime_Main_Module_GateProxy_query__E                         
0001655e  xdc_runtime_System_Module_GateProxy_query__E                       
00016562  ti_sysbios_BIOS_RtsGateProxy_query__E                              
00016562  ti_sysbios_gates_GateMutex_query__E                                
00016562  ti_sysbios_heaps_HeapMem_Module_GateProxy_query__E                 
00016566  ti_sysbios_knl_Clock_TimerProxy_getMaxTicks__E                     
0001656a  ti_sysbios_knl_Clock_TimerProxy_getPeriod__E                       
0001656e  ti_sysbios_knl_Queue_destruct                                      
00016572  ti_sysbios_knl_Semaphore_destruct                                  
00016576  ti_sysbios_knl_Task_startup__E                                     
0001657a  ti_uia_loggers_LoggerStopMode_getContents__E                       
0001657e  ti_uia_loggers_LoggerStopMode_getFilterLevel__E                    
00016582  ti_uia_loggers_LoggerStopMode_getPriority__E                       
00016586  ti_uia_loggers_LoggerStopMode_getTransferType__E                   
0001658a  xdc_runtime_HeapStd_isBlocking__E                                  
0001658e  xdc_runtime_System_Module_GateProxy_enter__E                       
00016592  xdc_runtime_System_Module_GateProxy_leave__E                       
00016596  xdc_runtime_System_Module_startup__E                               
0001659a  _nop                                                               
0001659c  free                                                               
0001659e  ti_sysbios_BIOS_nullFunc__I                                        
000165a0  ti_sysbios_gates_GateHwi_Instance_init__E                          
000165a2  ti_uia_loggers_LoggerStopMode_setFilterLevel__E                    
000165a4  ti_uia_loggers_LoggerStopMode_setPriority__E                       
000165a6  xdc_runtime_Text_charTab__A                                        
0001848c  xdc_runtime_Text_nodeTab__A                                        
00018574  ti_uia_loggers_LoggerStopMode_Module__FXNS__C                      
000186b4  producerTask1                                                      
000186b8  consumerTask1                                                      
000186bc  ledSrvTask                                                         
000186c0  timeSharingClk                                                     
000186c4  fullSlots                                                          
000186c8  emptySlots                                                         
000186cc  mutex                                                              
000186d0  ledSrvSchedSem                                                     
000186d4  setLedEnvMutex                                                     
000186d8  consumerTask2                                                      
000186dc  producerTask2                                                      
0001870a  xdc_runtime_Startup_sfxnTab__A                                     
00018732  xdc_runtime_HeapStd_Module__FXNS__C                                
00018758  ti_sysbios_gates_GateHwi_Module__FXNS__C                           
0001877a  ti_sysbios_gates_GateMutex_Module__FXNS__C                         
0001879c  IntrinsicsSupport_maxbitTable                                      
000187bc  ti_uia_loggers_LoggerStopMode_Object__PARAMS__C                    
000187f8  ti_sysbios_knl_Semaphore_Object__PARAMS__C                         
00018814  ti_sysbios_gates_GateHwi_Object__DESC__C                           
0001882c  ti_sysbios_gates_GateMutex_Object__DESC__C                         
00018844  ti_sysbios_knl_Queue_Object__DESC__C                               
0001885c  ti_sysbios_knl_Semaphore_Object__DESC__C                           
00018874  ti_uia_loggers_LoggerStopMode_Object__DESC__C                      
0001888c  xdc_runtime_HeapStd_Object__DESC__C                                
000188a4  xdc_runtime_HeapStd_Object__PARAMS__C                              
000188bc  ti_sysbios_gates_GateHwi_Object__PARAMS__C                         
000188d0  ti_sysbios_gates_GateMutex_Object__PARAMS__C                       
000188e4  ti_sysbios_knl_Queue_Object__PARAMS__C                             
000188f8  xdc_runtime_Startup_sfxnRts__A                                     
00018926  ti_sysbios_knl_Idle_funcList__A                                    
0001892e  xdc_runtime_Startup_firstFxns__A                                   
0001893c  ti_sysbios_family_msp430_Hwi_hooks__C                              
00018942  ti_sysbios_knl_Idle_funcList__C                                    
00018948  xdc_runtime_Startup_firstFxns__C                                   
0001894e  xdc_runtime_Startup_lastFxns__C                                    
00018954  ti_sysbios_family_msp430_TimestampProvider_Module__diagsEnabled__C 
00018958  ti_sysbios_family_msp430_TimestampProvider_Module__diagsIncluded__C
0001895c  ti_sysbios_family_msp430_TimestampProvider_Module__diagsMask__C    
00018960  ti_sysbios_gates_GateMutex_A_badContext__C                         
00018964  ti_sysbios_gates_GateMutex_Module__diagsEnabled__C                 
00018968  ti_sysbios_gates_GateMutex_Module__diagsIncluded__C                
0001896c  ti_sysbios_gates_GateMutex_Module__diagsMask__C                    
00018970  ti_sysbios_hal_Hwi_E_stackOverflow__C                              
00018974  ti_sysbios_knl_Clock_LM_begin__C                                   
00018978  ti_sysbios_knl_Clock_LM_tick__C                                    
0001897c  ti_sysbios_knl_Clock_LW_delayed__C                                 
00018980  ti_sysbios_knl_Clock_Module__diagsEnabled__C                       
00018984  ti_sysbios_knl_Clock_Module__diagsIncluded__C                      
00018988  ti_sysbios_knl_Clock_Module__diagsMask__C                          
0001898c  ti_sysbios_knl_Clock_Module__loggerFxn1__C                         
00018990  ti_sysbios_knl_Clock_Module__loggerFxn2__C                         
00018994  ti_sysbios_knl_Clock_Module__loggerObj__C                          
00018998  ti_sysbios_knl_Semaphore_A_badContext__C                           
0001899c  ti_sysbios_knl_Semaphore_A_noEvents__C                             
000189a0  ti_sysbios_knl_Semaphore_A_overflow__C                             
000189a4  ti_sysbios_knl_Semaphore_A_pendTaskDisabled__C                     
000189a8  ti_sysbios_knl_Semaphore_LM_pend__C                                
000189ac  ti_sysbios_knl_Semaphore_LM_post__C                                
000189b0  ti_sysbios_knl_Semaphore_Module__diagsEnabled__C                   
000189b4  ti_sysbios_knl_Semaphore_Module__diagsIncluded__C                  
000189b8  ti_sysbios_knl_Semaphore_Module__diagsMask__C                      
000189bc  ti_sysbios_knl_Semaphore_Module__loggerFxn2__C                     
000189c0  ti_sysbios_knl_Semaphore_Module__loggerFxn4__C                     
000189c4  ti_sysbios_knl_Semaphore_Module__loggerObj__C                      
000189c8  ti_sysbios_knl_Swi_LD_end__C                                       
000189cc  ti_sysbios_knl_Swi_LM_begin__C                                     
000189d0  ti_sysbios_knl_Swi_LM_post__C                                      
000189d4  ti_sysbios_knl_Swi_Module__diagsEnabled__C                         
000189d8  ti_sysbios_knl_Swi_Module__diagsIncluded__C                        
000189dc  ti_sysbios_knl_Swi_Module__diagsMask__C                            
000189e0  ti_sysbios_knl_Swi_Module__loggerFxn1__C                           
000189e4  ti_sysbios_knl_Swi_Module__loggerFxn4__C                           
000189e8  ti_sysbios_knl_Swi_Module__loggerObj__C                            
000189ec  ti_sysbios_knl_Task_E_spOutOfBounds__C                             
000189f0  ti_sysbios_knl_Task_E_stackOverflow__C                             
000189f4  ti_sysbios_knl_Task_LD_block__C                                    
000189f8  ti_sysbios_knl_Task_LD_exit__C                                     
000189fc  ti_sysbios_knl_Task_LD_ready__C                                    
00018a00  ti_sysbios_knl_Task_LM_switch__C                                   
00018a04  ti_sysbios_knl_Task_LM_yield__C                                    
00018a08  ti_sysbios_knl_Task_Module__diagsEnabled__C                        
00018a0c  ti_sysbios_knl_Task_Module__diagsIncluded__C                       
00018a10  ti_sysbios_knl_Task_Module__diagsMask__C                           
00018a14  ti_sysbios_knl_Task_Module__loggerFxn2__C                          
00018a18  ti_sysbios_knl_Task_Module__loggerFxn4__C                          
00018a1c  ti_sysbios_knl_Task_Module__loggerObj__C                           
00018a20  ti_sysbios_knl_Task_allBlockedFunc__C                              
00018a24  ti_sysbios_utils_Load_LS_cpuLoad__C                                
00018a28  ti_sysbios_utils_Load_Module__diagsEnabled__C                      
00018a2c  ti_sysbios_utils_Load_Module__diagsIncluded__C                     
00018a30  ti_sysbios_utils_Load_Module__diagsMask__C                         
00018a34  ti_sysbios_utils_Load_Module__loggerFxn1__C                        
00018a38  ti_sysbios_utils_Load_Module__loggerObj__C                         
00018a3c  ti_sysbios_utils_Load_postUpdate__C                                
00018a40  ti_uia_loggers_LoggerStopMode_Module__diagsEnabled__C              
00018a44  ti_uia_loggers_LoggerStopMode_Module__diagsIncluded__C             
00018a48  ti_uia_loggers_LoggerStopMode_Module__diagsMask__C                 
00018a4c  ti_uia_runtime_ILoggerSnapshot_Interface__BASE__C                  
00018a50  ti_uia_runtime_IUIATransfer_Interface__BASE__C                     
00018a54  xdc_runtime_Assert_E_assertFailed__C                               
00018a58  xdc_runtime_Core_A_initializedParams__C                            
00018a5c  xdc_runtime_Core_Module__diagsEnabled__C                           
00018a60  xdc_runtime_Core_Module__diagsIncluded__C                          
00018a64  xdc_runtime_Core_Module__diagsMask__C                              
00018a68  xdc_runtime_Error_E_memory__C                                      
00018a6c  xdc_runtime_Error_Module__diagsEnabled__C                          
00018a70  xdc_runtime_Error_Module__diagsIncluded__C                         
00018a74  xdc_runtime_Error_Module__diagsMask__C                             
00018a78  xdc_runtime_Error_Module__loggerFxn8__C                            
00018a7c  xdc_runtime_Error_Module__loggerObj__C                             
00018a80  xdc_runtime_Error_policyFxn__C                                     
00018a84  xdc_runtime_Error_raiseHook__C                                     
00018a88  xdc_runtime_HeapStd_A_align__C                                     
00018a8c  xdc_runtime_HeapStd_A_invalidTotalFreeSize__C                      
00018a90  xdc_runtime_HeapStd_A_zeroSize__C                                  
00018a94  xdc_runtime_HeapStd_E_noRTSMemory__C                               
00018a98  xdc_runtime_HeapStd_Module__diagsEnabled__C                        
00018a9c  xdc_runtime_HeapStd_Module__diagsIncluded__C                       
00018aa0  xdc_runtime_HeapStd_Module__diagsMask__C                           
00018aa4  xdc_runtime_IFilterLogger_Interface__BASE__C                       
00018aa8  xdc_runtime_IGateProvider_Interface__BASE__C                       
00018aac  xdc_runtime_IHeap_Interface__BASE__C                               
00018ab0  xdc_runtime_ILogger_Interface__BASE__C                             
00018ab4  xdc_runtime_IModule_Interface__BASE__C                             
00018ab8  xdc_runtime_Log_L_error__C                                         
00018abc  xdc_runtime_Log_L_info__C                                          
00018ac0  xdc_runtime_Main_Module__diagsEnabled__C                           
00018ac4  xdc_runtime_Main_Module__diagsIncluded__C                          
00018ac8  xdc_runtime_Main_Module__diagsMask__C                              
00018acc  xdc_runtime_Main_Module__loggerFxn4__C                             
00018ad0  xdc_runtime_Main_Module__loggerFxn8__C                             
00018ad4  xdc_runtime_Main_Module__loggerObj__C                              
00018ad8  xdc_runtime_Memory_defaultHeapInstance__C                          
00018adc  xdc_runtime_Startup_execImpl__C                                    
00018ae0  xdc_runtime_Startup_sfxnRts__C                                     
00018ae4  xdc_runtime_Startup_sfxnTab__C                                     
00018ae8  xdc_runtime_SysMin_outputFunc__C                                   
00018aec  xdc_runtime_System_Module__gateObj__C                              
00018af0  xdc_runtime_System_abortFxn__C                                     
00018af4  xdc_runtime_System_exitFxn__C                                      
00018af8  xdc_runtime_System_extendFxn__C                                    
00018afc  xdc_runtime_Text_charTab__C                                        
00018b00  xdc_runtime_Text_nameEmpty__C                                      
00018b04  xdc_runtime_Text_nameStatic__C                                     
00018b08  xdc_runtime_Text_nameUnknown__C                                    
00018b0c  xdc_runtime_Text_nodeTab__C                                        
00018b10  xdc_runtime_Text_visitRopeFxn__C                                   
00018b14  ti_sysbios_family_msp430_Hwi_Object__count__C                      
00018b16  ti_sysbios_family_msp430_Timer_numTimerDevices__C                  
00018b18  ti_sysbios_family_msp430_Timer_startupNeeded__C                    
00018b1a  ti_sysbios_family_msp430_TimestampProvider_Module__id__C           
00018b1c  ti_sysbios_family_msp430_TimestampProvider_useClockTimer__C        
00018b1e  ti_sysbios_gates_GateMutex_Instance_State_sem__O                   
00018b20  ti_sysbios_gates_GateMutex_Module__id__C                           
00018b22  ti_sysbios_hal_Hwi_Module__id__C                                   
00018b24  ti_sysbios_heaps_HeapMem_Object__count__C                          
00018b26  ti_sysbios_knl_Clock_Module_State_clockQ__O                        
00018b28  ti_sysbios_knl_Clock_Module__id__C                                 
00018b2a  ti_sysbios_knl_Clock_Module__loggerDefined__C                      
00018b2c  ti_sysbios_knl_Semaphore_Instance_State_pendQ__O                   
00018b2e  ti_sysbios_knl_Semaphore_Module__id__C                             
00018b30  ti_sysbios_knl_Semaphore_Module__loggerDefined__C                  
00018b32  ti_sysbios_knl_Swi_Module__id__C                                   
00018b34  ti_sysbios_knl_Swi_Module__loggerDefined__C                        
00018b36  ti_sysbios_knl_Swi_Object__count__C                                
00018b38  ti_sysbios_knl_Task_Module_State_inactiveQ__O                      
00018b3a  ti_sysbios_knl_Task_Module__id__C                                  
00018b3c  ti_sysbios_knl_Task_Module__loggerDefined__C                       
00018b3e  ti_sysbios_knl_Task_Object__count__C                               
00018b40  ti_sysbios_knl_Task_initStackFlag__C                               
00018b42  ti_sysbios_knl_Task_numConstructedTasks__C                         
00018b44  ti_sysbios_utils_Load_Module__id__C                                
00018b46  ti_sysbios_utils_Load_Module__loggerDefined__C                     
00018b48  ti_sysbios_utils_Load_updateInIdle__C                              
00018b4a  ti_sysbios_utils_Load_windowInMs__C                                
00018b4c  ti_uia_loggers_LoggerStopMode_Module__id__C                        
00018b4e  ti_uia_loggers_LoggerStopMode_Object__count__C                     
00018b50  ti_uia_loggers_LoggerStopMode_isTimestampEnabled__C                
00018b52  xdc_runtime_Core_Module__id__C                                     
00018b54  xdc_runtime_Error_Module__loggerDefined__C                         
00018b56  xdc_runtime_Error_maxDepth__C                                      
00018b58  xdc_runtime_Error_policy__C                                        
00018b5a  xdc_runtime_HeapStd_Module__id__C                                  
00018b5c  xdc_runtime_Main_Module__id__C                                     
00018b5e  xdc_runtime_Main_Module__loggerDefined__C                          
00018b60  xdc_runtime_Memory_Module__id__C                                   
00018b62  xdc_runtime_Startup_maxPasses__C                                   
00018b64  xdc_runtime_SysMin_bufSize__C                                      
00018b66  xdc_runtime_SysMin_flushAtExit__C                                  
00018b68  xdc_runtime_System_maxAtexitHandlers__C                            
00018b6a  xdc_runtime_Text_charCnt__C                                        
00018b6c  xdc_runtime_Text_isLoaded__C                                       
00018b6e  xdc_runtime_Text_registryModsLastId__C                             
00018b70  xdc_runtime_Text_unnamedModsLastId__C                              
00018fba  __TI_Handler_Table_Base                                            
00018fc6  __TI_Handler_Table_Limit                                           
00018fd2  __TI_CINIT_Base                                                    
00018fea  __TI_CINIT_Limit                                                   
ffffffff  __binit__                                                          
ffffffff  __c_args__                                                         
ffffffff  binit                                                              
UNDEFED   __TI_INITARRAY_Base                                                
UNDEFED   __TI_INITARRAY_Limit                                               

[1444 symbols]
